// Jest Snapshot v1, https://goo.gl/fbAQLP

exports[`Component DetailLine - test DetailLine children - snapshot 1`] = `
<View
  style={
    {
      "display": "flex",
      "marginTop": 20,
    }
  }
>
  <Text
    style={
      {
        "color": "rgb(28, 28, 30)",
        "opacity": 0.65,
      }
    }
  >
    label
  </Text>
  <View />
</View>
`;

exports[`Component DetailLine - test DetailLine value - snapshot 1`] = `
<View
  style={
    {
      "display": "flex",
      "marginTop": 20,
    }
  }
>
  <Text
    style={
      {
        "color": "rgb(28, 28, 30)",
        "opacity": 0.65,
      }
    }
  >
    label
  </Text>
  <View
    accessibilityState={
      {
        "busy": undefined,
        "checked": undefined,
        "disabled": undefined,
        "expanded": undefined,
        "selected": undefined,
      }
    }
    accessibilityValue={
      {
        "max": undefined,
        "min": undefined,
        "now": undefined,
        "text": undefined,
      }
    }
    accessible={true}
    collapsable={false}
    focusable={true}
    onClick={[Function]}
    onResponderGrant={[Function]}
    onResponderMove={[Function]}
    onResponderRelease={[Function]}
    onResponderTerminate={[Function]}
    onResponderTerminationRequest={[Function]}
    onStartShouldSetResponder={[Function]}
    style={
      {
        "opacity": 1,
      }
    }
  >
    <Text
      style={
        {
          "color": "rgb(28, 28, 30)",
          "fontSize": 18,
          "fontWeight": "600",
          "opacity": 1,
        }
      }
    >
      value
    </Text>
  </View>
</View>
`;
