// Jest Snapshot v1, https://goo.gl/fbAQLP

exports[`Component ImportUfvk - test ImportUfvk - snapshot 1`] = `
<RCTSafeAreaView
  style={
    {
      "alignItems": "stretch",
      "backgroundColor": "rgb(242, 242, 242)",
      "display": "flex",
      "height": "100%",
      "justifyContent": "flex-start",
    }
  }
>
  <Modal
    animationType="slide"
    hardwareAccelerated={false}
    onRequestClose={[Function]}
    transparent={false}
    visible={false}
  />
  <View>
    <View
      style={
        {
          "alignItems": "center",
          "backgroundColor": "rgb(255, 255, 255)",
          "display": "flex",
          "minHeight": 25,
          "paddingBottom": 0,
          "paddingTop": 10,
          "zIndex": -1,
        }
      }
      testID="header"
    >
      <View
        style={
          {
            "alignItems": "center",
            "display": "flex",
            "flexDirection": "row",
            "flexWrap": "wrap",
            "justifyContent": "center",
            "marginHorizontal": 5,
            "marginTop": 12,
          }
        }
      />
    </View>
    <View
      style={
        {
          "left": 0,
          "padding": 11.5,
          "position": "absolute",
        }
      }
    >
      <View
        style={
          {
            "alignItems": "center",
            "flexDirection": "row",
            "height": 45,
          }
        }
      />
    </View>
    <View
      style={
        {
          "padding": 15,
          "position": "absolute",
          "right": 0,
        }
      }
    >
      <Image
        source={
          {
            "testUri": "../../../assets/img/logobig-zingo.png",
          }
        }
        style={
          {
            "borderRadius": 10,
            "height": 38,
            "resizeMode": "contain",
            "width": 38,
          }
        }
      />
    </View>
  </View>
  <View>
    <View
      style={
        {
          "alignItems": "center",
          "display": "flex",
          "flexDirection": "row",
          "flexWrap": "wrap",
          "justifyContent": "space-between",
          "marginVertical": 5,
          "width": "100%",
        }
      }
    >
      <View
        accessibilityState={
          {
            "busy": undefined,
            "checked": undefined,
            "disabled": undefined,
            "expanded": undefined,
            "selected": undefined,
          }
        }
        accessibilityValue={
          {
            "max": undefined,
            "min": undefined,
            "now": undefined,
            "text": undefined,
          }
        }
        accessible={true}
        collapsable={false}
        focusable={true}
        onClick={[Function]}
        onResponderGrant={[Function]}
        onResponderMove={[Function]}
        onResponderRelease={[Function]}
        onResponderTerminate={[Function]}
        onResponderTerminationRequest={[Function]}
        onStartShouldSetResponder={[Function]}
        style={
          {
            "opacity": 1,
          }
        }
      >
        <
          color="rgb(0, 122, 255)"
          icon={
            {
              "icon": [
                320,
                512,
                [
                  9001,
                ],
                "f053",
                "M9.4 233.4c-12.5 12.5-12.5 32.8 0 45.3l192 192c12.5 12.5 32.8 12.5 45.3 0s12.5-32.8 0-45.3L77.3 256 246.6 86.6c12.5-12.5 12.5-32.8 0-45.3s-32.8-12.5-45.3 0l-192 192z",
              ],
              "iconName": "chevron-left",
              "prefix": "fas",
            }
          }
          size={30}
          style={
            {
              "marginHorizontal": 10,
            }
          }
        />
      </View>
      <Text
        style={
          {
            "color": "rgb(28, 28, 30)",
            "fontSize": 18,
            "fontWeight": "600",
            "opacity": 1,
            "paddingHorizontal": 5,
          }
        }
      />
      <View
        style={
          {
            "height": 30,
            "marginHorizontal": 10,
            "width": 30,
          }
        }
      />
    </View>
    <View
      style={
        {
          "backgroundColor": "rgb(0, 122, 255)",
          "height": 1,
          "width": "100%",
        }
      }
    />
  </View>
  <RCTScrollView
    contentContainerStyle={
      {
        "alignItems": "stretch",
        "flexDirection": "column",
        "justifyContent": "flex-start",
      }
    }
    keyboardShouldPersistTaps="handled"
    style={
      {
        "height": "80%",
        "maxHeight": "80%",
      }
    }
  >
    <View>
      <Text
        style={
          {
            "color": "rgb(28, 28, 30)",
            "marginTop": 0,
            "opacity": 0.65,
            "padding": 20,
            "textAlign": "center",
          }
        }
      />
      <View
        style={
          {
            "borderColor": "rgb(28, 28, 30)",
            "borderRadius": 10,
            "borderWidth": 1,
            "flexDirection": "row",
            "justifyContent": "space-between",
            "margin": 10,
            "maxHeight": "40%",
            "padding": 10,
          }
        }
      >
        <View
          accessibilityLabel=""
          accessible={true}
          style={
            {
              "borderColor": "rgb(28, 28, 30)",
              "borderRadius": 10,
              "borderWidth": 1,
              "flex": 1,
              "justifyContent": "center",
              "marginRight": 5,
              "width": "auto",
            }
          }
        >
          <TextInput
            editable={true}
            multiline={true}
            onChangeText={[Function]}
            style={
              {
                "backgroundColor": "transparent",
                "color": "rgb(28, 28, 30)",
                "fontSize": 16,
                "fontWeight": "600",
                "marginHorizontal": 5,
                "minHeight": 100,
                "textAlignVertical": "top",
              }
            }
            testID="import.seedufvkinput"
            value=""
          />
        </View>
        <View
          accessibilityState={
            {
              "busy": undefined,
              "checked": undefined,
              "disabled": undefined,
              "expanded": undefined,
              "selected": undefined,
            }
          }
          accessibilityValue={
            {
              "max": undefined,
              "min": undefined,
              "now": undefined,
              "text": undefined,
            }
          }
          accessible={true}
          collapsable={false}
          focusable={true}
          onClick={[Function]}
          onResponderGrant={[Function]}
          onResponderMove={[Function]}
          onResponderRelease={[Function]}
          onResponderTerminate={[Function]}
          onResponderTerminationRequest={[Function]}
          onStartShouldSetResponder={[Function]}
          style={
            {
              "opacity": 1,
            }
          }
        >
          <
            color="rgb(216, 216, 216)"
            icon={
              {
                "icon": [
                  448,
                  512,
                  [],
                  "f029",
                  "M0 80C0 53.5 21.5 32 48 32l96 0c26.5 0 48 21.5 48 48l0 96c0 26.5-21.5 48-48 48l-96 0c-26.5 0-48-21.5-48-48L0 80zM64 96l0 64 64 0 0-64L64 96zM0 336c0-26.5 21.5-48 48-48l96 0c26.5 0 48 21.5 48 48l0 96c0 26.5-21.5 48-48 48l-96 0c-26.5 0-48-21.5-48-48l0-96zm64 16l0 64 64 0 0-64-64 0zM304 32l96 0c26.5 0 48 21.5 48 48l0 96c0 26.5-21.5 48-48 48l-96 0c-26.5 0-48-21.5-48-48l0-96c0-26.5 21.5-48 48-48zm80 64l-64 0 0 64 64 0 0-64zM256 304c0-8.8 7.2-16 16-16l64 0c8.8 0 16 7.2 16 16s7.2 16 16 16l32 0c8.8 0 16-7.2 16-16s7.2-16 16-16s16 7.2 16 16l0 96c0 8.8-7.2 16-16 16l-64 0c-8.8 0-16-7.2-16-16s-7.2-16-16-16s-16 7.2-16 16l0 64c0 8.8-7.2 16-16 16l-32 0c-8.8 0-16-7.2-16-16l0-160zM368 480a16 16 0 1 1 0-32 16 16 0 1 1 0 32zm64 0a16 16 0 1 1 0-32 16 16 0 1 1 0 32z",
                ],
                "iconName": "qrcode",
                "prefix": "fas",
              }
            }
            size={35}
          />
        </View>
      </View>
      <View
        style={
          {
            "alignItems": "center",
            "marginTop": 10,
          }
        }
      >
        <Text
          style={
            {
              "color": "rgb(28, 28, 30)",
              "opacity": 0.65,
            }
          }
        />
        <Text
          style={
            {
              "color": "rgb(28, 28, 30)",
              "opacity": 0.65,
              "textAlign": "center",
            }
          }
        >
           (1, --)
        </Text>
        <View
          accessibilityLabel=""
          accessible={true}
          style={
            {
              "borderColor": "rgb(28, 28, 30)",
              "borderRadius": 10,
              "borderWidth": 1,
              "margin": 10,
              "maxHeight": 48,
              "maxWidth": "40%",
              "minHeight": 48,
              "minWidth": "20%",
              "width": "30%",
            }
          }
        >
          <TextInput
            editable={false}
            keyboardType="numeric"
            onChangeText={[Function]}
            placeholder="#"
            style={
              {
                "backgroundColor": "transparent",
                "color": "rgb(28, 28, 30)",
                "fontSize": 18,
                "fontWeight": "600",
                "marginLeft": 5,
                "minHeight": 48,
                "minWidth": "20%",
              }
            }
            testID="import.birthdayinput"
            value=""
          />
        </View>
        <Text
          style={
            {
              "color": "rgb(28, 28, 30)",
              "fontSize": 18,
              "fontWeight": "600",
              "margin": 20,
              "marginBottom": 30,
              "opacity": 1,
            }
          }
        />
      </View>
    </View>
  </RCTScrollView>
  <View
    style={
      {
        "alignItems": "center",
        "flexDirection": "row",
        "flexGrow": 1,
        "justifyContent": "center",
        "marginVertical": 5,
      }
    }
  >
    <View
      accessibilityState={
        {
          "busy": undefined,
          "checked": undefined,
          "disabled": undefined,
          "expanded": undefined,
          "selected": undefined,
        }
      }
      accessibilityValue={
        {
          "max": undefined,
          "min": undefined,
          "now": undefined,
          "text": undefined,
        }
      }
      accessible={true}
      collapsable={false}
      focusable={true}
      onClick={[Function]}
      onResponderGrant={[Function]}
      onResponderMove={[Function]}
      onResponderRelease={[Function]}
      onResponderTerminate={[Function]}
      onResponderTerminationRequest={[Function]}
      onStartShouldSetResponder={[Function]}
      style={
        {
          "alignItems": "center",
          "backgroundColor": "rgb(0, 122, 255)",
          "borderColor": "rgb(0, 122, 255)",
          "borderRadius": 10,
          "borderWidth": 2,
          "justifyContent": "center",
          "maxWidth": "90%",
          "minHeight": 48,
          "minWidth": "30%",
          "opacity": 1,
          "padding": 0,
          "paddingLeft": 20,
          "paddingRight": 20,
          "width": "80%",
        }
      }
      testID="import.button.ok"
    >
      <View
        style={
          {
            "alignItems": "center",
            "display": "flex",
            "flexDirection": "row",
            "justifyContent": "center",
            "margin": 0,
            "minHeight": 48,
            "minWidth": 48,
            "padding": 0,
          }
        }
      >
        <Text
          style={
            {
              "color": "rgb(242, 242, 242)",
              "fontSize": 16,
              "fontWeight": "bold",
              "textAlign": "center",
              "textTransform": "uppercase",
            }
          }
        />
      </View>
    </View>
  </View>
</RCTSafeAreaView>
`;
