// Jest Snapshot v1, https://goo.gl/fbAQLP

exports[`Component Insight - test Insight - snapshot 1`] = `
<RCTSafeAreaView
  style={
    {
      "alignItems": "stretch",
      "backgroundColor": "rgb(242, 242, 242)",
      "display": "flex",
      "height": "100%",
      "justifyContent": "flex-start",
    }
  }
>
  <View>
    <View
      style={
        {
          "alignItems": "center",
          "backgroundColor": "rgb(255, 255, 255)",
          "display": "flex",
          "minHeight": 25,
          "paddingBottom": 0,
          "paddingTop": 10,
          "zIndex": -1,
        }
      }
      testID="header"
    >
      <View
        style={
          {
            "alignItems": "center",
            "display": "flex",
            "flexDirection": "row",
            "flexWrap": "wrap",
            "justifyContent": "center",
            "marginHorizontal": 5,
            "marginTop": 12,
          }
        }
      >
        <View
          accessibilityState={
            {
              "busy": undefined,
              "checked": undefined,
              "disabled": undefined,
              "expanded": undefined,
              "selected": undefined,
            }
          }
          accessibilityValue={
            {
              "max": undefined,
              "min": undefined,
              "now": undefined,
              "text": undefined,
            }
          }
          accessible={true}
          collapsable={false}
          focusable={true}
          onClick={[Function]}
          onResponderGrant={[Function]}
          onResponderMove={[Function]}
          onResponderRelease={[Function]}
          onResponderTerminate={[Function]}
          onResponderTerminationRequest={[Function]}
          onStartShouldSetResponder={[Function]}
          style={
            {
              "marginHorizontal": 5,
              "opacity": 1,
            }
          }
        >
          <View
            style={
              {
                "alignItems": "center",
                "flexDirection": "row",
                "justifyContent": "center",
              }
            }
          >
            <View
              style={
                {
                  "alignItems": "center",
                  "backgroundColor": "rgb(255, 255, 255)",
                  "display": "flex",
                  "flexDirection": "row",
                  "justifyContent": "center",
                  "margin": 0,
                  "marginRight": 5,
                  "minHeight": 25,
                  "minWidth": 25,
                  "padding": 0,
                }
              }
            >
              <
                icon={
                  {
                    "icon": [
                      576,
                      512,
                      [],
                      "f3c1",
                      "M352 144c0-44.2 35.8-80 80-80s80 35.8 80 80l0 48c0 17.7 14.3 32 32 32s32-14.3 32-32l0-48C576 64.5 511.5 0 432 0S288 64.5 288 144l0 48L64 192c-35.3 0-64 28.7-64 64L0 448c0 35.3 28.7 64 64 64l320 0c35.3 0 64-28.7 64-64l0-192c0-35.3-28.7-64-64-64l-32 0 0-48z",
                    ],
                    "iconName": "lock-open",
                    "prefix": "fas",
                  }
                }
                size={25}
              />
            </View>
          </View>
        </View>
      </View>
    </View>
    <View
      style={
        {
          "left": 0,
          "padding": 11.5,
          "position": "absolute",
        }
      }
    >
      <View
        style={
          {
            "alignItems": "center",
            "flexDirection": "row",
            "height": 45,
          }
        }
      />
    </View>
    <View
      style={
        {
          "padding": 15,
          "position": "absolute",
          "right": 0,
        }
      }
    >
      <Image
        source={
          {
            "testUri": "../../../assets/img/logobig-zingo.png",
          }
        }
        style={
          {
            "borderRadius": 10,
            "height": 38,
            "resizeMode": "contain",
            "width": 38,
          }
        }
      />
    </View>
  </View>
  <View>
    <View
      style={
        {
          "alignItems": "center",
          "display": "flex",
          "flexDirection": "row",
          "flexWrap": "wrap",
          "justifyContent": "space-between",
          "marginVertical": 5,
          "width": "100%",
        }
      }
    >
      <View
        accessibilityState={
          {
            "busy": undefined,
            "checked": undefined,
            "disabled": undefined,
            "expanded": undefined,
            "selected": undefined,
          }
        }
        accessibilityValue={
          {
            "max": undefined,
            "min": undefined,
            "now": undefined,
            "text": undefined,
          }
        }
        accessible={true}
        collapsable={false}
        focusable={true}
        onClick={[Function]}
        onResponderGrant={[Function]}
        onResponderMove={[Function]}
        onResponderRelease={[Function]}
        onResponderTerminate={[Function]}
        onResponderTerminationRequest={[Function]}
        onStartShouldSetResponder={[Function]}
        style={
          {
            "opacity": 1,
          }
        }
      >
        <
          color="rgb(0, 122, 255)"
          icon={
            {
              "icon": [
                320,
                512,
                [
                  9001,
                ],
                "f053",
                "M9.4 233.4c-12.5 12.5-12.5 32.8 0 45.3l192 192c12.5 12.5 32.8 12.5 45.3 0s12.5-32.8 0-45.3L77.3 256 246.6 86.6c12.5-12.5 12.5-32.8 0-45.3s-32.8-12.5-45.3 0l-192 192z",
              ],
              "iconName": "chevron-left",
              "prefix": "fas",
            }
          }
          size={30}
          style={
            {
              "marginHorizontal": 10,
            }
          }
        />
      </View>
      <Text
        selectable={true}
        style={
          {
            "color": "rgb(28, 28, 30)",
            "fontSize": 18,
            "fontWeight": "600",
            "opacity": 1,
            "paddingHorizontal": 5,
          }
        }
      >
        text translated
      </Text>
      <View
        style={
          {
            "height": 30,
            "marginHorizontal": 10,
            "width": 30,
          }
        }
      />
    </View>
    <View
      style={
        {
          "backgroundColor": "rgb(0, 122, 255)",
          "height": 1,
          "width": "100%",
        }
      }
    />
  </View>
  <View
    style={
      {
        "flexDirection": "row",
        "marginTop": 10,
        "width": "100%",
      }
    }
  >
    <View
      accessibilityState={
        {
          "busy": undefined,
          "checked": undefined,
          "disabled": undefined,
          "expanded": undefined,
          "selected": undefined,
        }
      }
      accessibilityValue={
        {
          "max": undefined,
          "min": undefined,
          "now": undefined,
          "text": undefined,
        }
      }
      accessible={true}
      collapsable={false}
      focusable={true}
      onClick={[Function]}
      onResponderGrant={[Function]}
      onResponderMove={[Function]}
      onResponderRelease={[Function]}
      onResponderTerminate={[Function]}
      onResponderTerminationRequest={[Function]}
      onStartShouldSetResponder={[Function]}
      style={
        {
          "opacity": 1,
        }
      }
    >
      <View
        style={
          {
            "alignItems": "center",
            "borderBottomColor": "rgb(0, 122, 255)",
            "borderBottomWidth": 2,
            "paddingBottom": 10,
            "width": 243.33333333333334,
          }
        }
      >
        <Text
          selectable={true}
          style={
            {
              "color": "rgb(28, 28, 30)",
              "fontSize": 15,
              "fontWeight": "bold",
              "opacity": 1,
            }
          }
        >
          text translated
        </Text>
        <Text
          selectable={true}
          style={
            {
              "color": "rgb(0, 122, 255)",
              "fontSize": 11,
              "fontWeight": "600",
              "opacity": 1,
            }
          }
        >
          (
          text translated
          )
        </Text>
      </View>
    </View>
    <View
      accessibilityState={
        {
          "busy": undefined,
          "checked": undefined,
          "disabled": undefined,
          "expanded": undefined,
          "selected": undefined,
        }
      }
      accessibilityValue={
        {
          "max": undefined,
          "min": undefined,
          "now": undefined,
          "text": undefined,
        }
      }
      accessible={true}
      collapsable={false}
      focusable={true}
      onClick={[Function]}
      onResponderGrant={[Function]}
      onResponderMove={[Function]}
      onResponderRelease={[Function]}
      onResponderTerminate={[Function]}
      onResponderTerminationRequest={[Function]}
      onStartShouldSetResponder={[Function]}
      style={
        {
          "opacity": 1,
        }
      }
    >
      <View
        style={
          {
            "alignItems": "center",
            "borderBottomColor": "rgb(0, 122, 255)",
            "borderBottomWidth": 0,
            "paddingBottom": 10,
            "width": 243.33333333333334,
          }
        }
      >
        <Text
          selectable={true}
          style={
            {
              "color": "rgb(28, 28, 30)",
              "fontSize": 14,
              "fontWeight": "normal",
              "opacity": 1,
            }
          }
        >
          text translated
        </Text>
        <Text
          selectable={true}
          style={
            {
              "color": "rgb(28, 28, 30)",
              "fontSize": 11,
              "fontWeight": "600",
              "opacity": 1,
            }
          }
        >
          (
          text translated
          )
        </Text>
      </View>
    </View>
    <View
      accessibilityState={
        {
          "busy": undefined,
          "checked": undefined,
          "disabled": undefined,
          "expanded": undefined,
          "selected": undefined,
        }
      }
      accessibilityValue={
        {
          "max": undefined,
          "min": undefined,
          "now": undefined,
          "text": undefined,
        }
      }
      accessible={true}
      collapsable={false}
      focusable={true}
      onClick={[Function]}
      onResponderGrant={[Function]}
      onResponderMove={[Function]}
      onResponderRelease={[Function]}
      onResponderTerminate={[Function]}
      onResponderTerminationRequest={[Function]}
      onStartShouldSetResponder={[Function]}
      style={
        {
          "opacity": 1,
        }
      }
    >
      <View
        style={
          {
            "alignItems": "center",
            "borderBottomColor": "rgb(0, 122, 255)",
            "borderBottomWidth": 0,
            "paddingBottom": 10,
            "width": 243.33333333333334,
          }
        }
      >
        <Text
          selectable={true}
          style={
            {
              "color": "rgb(28, 28, 30)",
              "fontSize": 14,
              "fontWeight": "normal",
              "opacity": 1,
            }
          }
        >
          text translated
        </Text>
        <Text
          selectable={true}
          style={
            {
              "color": "rgb(28, 28, 30)",
              "fontSize": 11,
              "fontWeight": "600",
              "opacity": 1,
            }
          }
        >
          (
          text translated
          )
        </Text>
      </View>
    </View>
  </View>
  <RCTScrollView
    contentContainerStyle={{}}
    indicatorStyle="white"
    persistentScrollbar={true}
    showsVerticalScrollIndicator={true}
    style={
      {
        "maxHeight": "85%",
      }
    }
  >
    <View>
      <View
        style={
          {
            "display": "flex",
            "margin": 20,
          }
        }
      >
        <ActivityIndicator
          color="rgb(0, 122, 255)"
          size="large"
          style={
            {
              "marginTop": 100,
            }
          }
        />
      </View>
      <View
        style={
          {
            "alignItems": "center",
            "display": "flex",
            "marginHorizontal": 5,
            "padding": 0,
          }
        }
      >
        <View
          style={
            {
              "width": "100%",
            }
          }
        />
      </View>
    </View>
  </RCTScrollView>
</RCTSafeAreaView>
`;
