// Jest Snapshot v1, https://goo.gl/fbAQLP

exports[`Component Memo - test Memo - snapshot 1`] = `
<RCTSafeAreaView
  style={
    {
      "alignItems": "stretch",
      "backgroundColor": "rgb(242, 242, 242)",
      "display": "flex",
      "height": "100%",
      "justifyContent": "flex-start",
    }
  }
>
  <RCTScrollView
    contentContainerStyle={
      {
        "alignItems": "stretch",
        "flexDirection": "column",
        "justifyContent": "flex-start",
        "padding": 20,
      }
    }
    style={
      {
        "maxHeight": "70%",
        "minHeight": "50%",
      }
    }
  >
    <View>
      <View
        accessibilityLabel="text translated"
        accessible={true}
        style={
          {
            "borderColor": "rgb(28, 28, 30)",
            "borderRadius": 5,
            "borderWidth": 1,
            "flexDirection": "row",
            "flexGrow": 1,
            "maxHeight": 533.6,
            "minHeight": 400.2,
            "minWidth": 48,
          }
        }
      >
        <TextInput
          editable={true}
          maxLength={511}
          multiline={true}
          onChangeText={[Function]}
          style={
            {
              "backgroundColor": "transparent",
              "color": "rgb(28, 28, 30)",
              "flex": 1,
              "fontSize": 14,
              "fontWeight": "600",
              "margin": 5,
              "minHeight": 48,
              "minWidth": 48,
              "textAlignVertical": "top",
            }
          }
          testID="send.memo-field"
          value="memo1
memo2
memo3
memo4
memo5
memo6
memo7
memo8
memo9
memo10"
        />
        <View
          accessibilityState={
            {
              "busy": undefined,
              "checked": undefined,
              "disabled": undefined,
              "expanded": undefined,
              "selected": undefined,
            }
          }
          accessibilityValue={
            {
              "max": undefined,
              "min": undefined,
              "now": undefined,
              "text": undefined,
            }
          }
          accessible={true}
          collapsable={false}
          focusable={true}
          onClick={[Function]}
          onResponderGrant={[Function]}
          onResponderMove={[Function]}
          onResponderRelease={[Function]}
          onResponderTerminate={[Function]}
          onResponderTerminationRequest={[Function]}
          onStartShouldSetResponder={[Function]}
          style={
            {
              "opacity": 1,
            }
          }
        >
          <
            icon={
              {
                "icon": [
                  384,
                  512,
                  [
                    128473,
                    10005,
                    10006,
                    10060,
                    215,
                    "close",
                    "multiply",
                    "remove",
                    "times",
                  ],
                  "f00d",
                  "M342.6 150.6c12.5-12.5 12.5-32.8 0-45.3s-32.8-12.5-45.3 0L192 210.7 86.6 105.4c-12.5-12.5-32.8-12.5-45.3 0s-12.5 32.8 0 45.3L146.7 256 41.4 361.4c-12.5 12.5-12.5 32.8 0 45.3s32.8 12.5 45.3 0L192 301.3 297.4 406.6c12.5 12.5 32.8 12.5 45.3 0s12.5-32.8 0-45.3L237.3 256 342.6 150.6z",
                ],
                "iconName": "xmark",
                "prefix": "fas",
              }
            }
            size={25}
            style={
              {
                "margin": 10,
              }
            }
          />
        </View>
      </View>
      <View
        style={
          {
            "alignItems": "center",
            "flexDirection": "row",
            "justifyContent": "flex-end",
          }
        }
      >
        <Text
          style={
            {
              "color": "rgb(28, 28, 30)",
              "fontWeight": "bold",
              "marginTop": 5,
              "opacity": 0.65,
            }
          }
        >
          60 
        </Text>
        <Text
          style={
            {
              "color": "rgb(28, 28, 30)",
              "marginTop": 5,
              "opacity": 0.65,
            }
          }
        >
          text translated
        </Text>
        <Text
          style={
            {
              "color": "rgb(28, 28, 30)",
              "marginTop": 5,
              "opacity": 0.65,
            }
          }
        >
           511 
        </Text>
      </View>
    </View>
  </RCTScrollView>
  <View
    style={
      {
        "alignItems": "center",
        "flexDirection": "row",
        "flexGrow": 1,
        "justifyContent": "center",
        "marginVertical": 5,
      }
    }
  >
    <View
      accessibilityState={
        {
          "busy": undefined,
          "checked": undefined,
          "disabled": false,
          "expanded": undefined,
          "selected": undefined,
        }
      }
      accessibilityValue={
        {
          "max": undefined,
          "min": undefined,
          "now": undefined,
          "text": undefined,
        }
      }
      accessible={true}
      collapsable={false}
      focusable={true}
      onClick={[Function]}
      onResponderGrant={[Function]}
      onResponderMove={[Function]}
      onResponderRelease={[Function]}
      onResponderTerminate={[Function]}
      onResponderTerminationRequest={[Function]}
      onStartShouldSetResponder={[Function]}
      style={
        {
          "alignItems": "center",
          "backgroundColor": "rgb(0, 122, 255)",
          "borderColor": "rgb(28, 28, 30)",
          "borderRadius": 10,
          "borderWidth": 2,
          "justifyContent": "center",
          "maxWidth": "90%",
          "minHeight": 48,
          "minWidth": "30%",
          "opacity": 1,
          "padding": 0,
          "paddingLeft": 20,
          "paddingRight": 20,
        }
      }
    >
      <View
        style={
          {
            "alignItems": "center",
            "display": "flex",
            "flexDirection": "row",
            "justifyContent": "center",
            "margin": 0,
            "minHeight": 48,
            "minWidth": 48,
            "padding": 0,
          }
        }
      >
        <Text
          style={
            {
              "color": "rgb(242, 242, 242)",
              "fontSize": 16,
              "fontWeight": "bold",
              "textAlign": "center",
              "textTransform": "uppercase",
            }
          }
        >
          text translated
        </Text>
      </View>
    </View>
    <View
      accessibilityState={
        {
          "busy": undefined,
          "checked": undefined,
          "disabled": undefined,
          "expanded": undefined,
          "selected": undefined,
        }
      }
      accessibilityValue={
        {
          "max": undefined,
          "min": undefined,
          "now": undefined,
          "text": undefined,
        }
      }
      accessible={true}
      collapsable={false}
      focusable={true}
      onClick={[Function]}
      onResponderGrant={[Function]}
      onResponderMove={[Function]}
      onResponderRelease={[Function]}
      onResponderTerminate={[Function]}
      onResponderTerminationRequest={[Function]}
      onStartShouldSetResponder={[Function]}
      style={
        {
          "alignItems": "center",
          "backgroundColor": "rgb(242, 242, 242)",
          "borderColor": "rgb(0, 122, 255)",
          "borderRadius": 10,
          "borderWidth": 2,
          "justifyContent": "center",
          "marginLeft": 10,
          "maxWidth": "90%",
          "minHeight": 48,
          "minWidth": "30%",
          "opacity": 1,
          "padding": 0,
          "paddingLeft": 20,
          "paddingRight": 20,
        }
      }
    >
      <View
        style={
          {
            "alignItems": "center",
            "display": "flex",
            "flexDirection": "row",
            "justifyContent": "center",
            "margin": 0,
            "minHeight": 48,
            "minWidth": 48,
            "padding": 0,
          }
        }
      >
        <Text
          style={
            {
              "color": "rgb(0, 122, 255)",
              "fontSize": 16,
              "fontWeight": "bold",
              "textAlign": "center",
              "textTransform": "uppercase",
            }
          }
        >
          text translated
        </Text>
      </View>
    </View>
  </View>
</RCTSafeAreaView>
`;
