// Jest Snapshot v1, https://goo.gl/fbAQLP

exports[`Component Messages Address - test Messages Address - snapshot 1`] = `
<RCTSafeAreaView
  style={
    {
      "alignItems": "stretch",
      "backgroundColor": "#011401",
      "display": "flex",
      "height": "100%",
      "justifyContent": "flex-start",
    }
  }
>
  <View
    accessibilityLabel="text translated"
    accessible={true}
    style={
      {
        "display": "flex",
        "height": "90%",
        "justifyContent": "flex-start",
        "width": "100%",
      }
    }
  >
    <Modal
      animationType="slide"
      hardwareAccelerated={false}
      onRequestClose={[Function]}
      transparent={false}
      visible={false}
    />
    <View>
      <View
        style={
          {
            "alignItems": "center",
            "backgroundColor": "#011401",
            "display": "flex",
            "minHeight": 25,
            "paddingBottom": 0,
            "paddingTop": 10,
            "zIndex": -1,
          }
        }
        testID="header"
      >
        <View
          style={
            {
              "alignItems": "center",
              "display": "flex",
              "flexDirection": "row",
              "flexWrap": "wrap",
              "justifyContent": "center",
              "marginHorizontal": 5,
              "marginTop": 12,
            }
          }
        />
      </View>
      <View
        style={
          {
            "left": 0,
            "padding": 11.5,
            "position": "absolute",
          }
        }
      >
        <View
          style={
            {
              "alignItems": "center",
              "flexDirection": "row",
              "height": 45,
            }
          }
        />
      </View>
      <View
        style={
          {
            "padding": 15,
            "position": "absolute",
            "right": 0,
          }
        }
      >
        <Image
          source={
            {
              "testUri": "../../../assets/img/logobig-zingo.png",
            }
          }
          style={
            {
              "borderRadius": 10,
              "height": 38,
              "resizeMode": "contain",
              "width": 38,
            }
          }
        />
      </View>
    </View>
    <View>
      <View
        style={
          {
            "alignItems": "center",
            "display": "flex",
            "flexDirection": "row",
            "flexWrap": "wrap",
            "justifyContent": "space-between",
            "marginVertical": 5,
            "width": "100%",
          }
        }
      >
        <View
          accessibilityState={
            {
              "busy": undefined,
              "checked": undefined,
              "disabled": undefined,
              "expanded": undefined,
              "selected": undefined,
            }
          }
          accessibilityValue={
            {
              "max": undefined,
              "min": undefined,
              "now": undefined,
              "text": undefined,
            }
          }
          accessible={true}
          collapsable={false}
          focusable={true}
          onClick={[Function]}
          onResponderGrant={[Function]}
          onResponderMove={[Function]}
          onResponderRelease={[Function]}
          onResponderTerminate={[Function]}
          onResponderTerminationRequest={[Function]}
          onStartShouldSetResponder={[Function]}
          style={
            {
              "opacity": 1,
            }
          }
        >
          <
            color="#18bd18"
            icon={
              {
                "icon": [
                  320,
                  512,
                  [
                    9001,
                  ],
                  "f053",
                  "M9.4 233.4c-12.5 12.5-12.5 32.8 0 45.3l192 192c12.5 12.5 32.8 12.5 45.3 0s12.5-32.8 0-45.3L77.3 256 246.6 86.6c12.5-12.5 12.5-32.8 0-45.3s-32.8-12.5-45.3 0l-192 192z",
                ],
                "iconName": "chevron-left",
                "prefix": "fas",
              }
            }
            size={30}
            style={
              {
                "marginHorizontal": 10,
              }
            }
          />
        </View>
        <Text
          selectable={true}
          style={
            {
              "color": "#ffffff",
              "fontSize": 18,
              "fontWeight": "600",
              "opacity": 1,
              "paddingHorizontal": 5,
            }
          }
        >
          text translated
        </Text>
        <View
          style={
            {
              "height": 30,
              "marginHorizontal": 10,
              "width": 30,
            }
          }
        />
      </View>
      <View
        style={
          {
            "backgroundColor": "#18bd18",
            "height": 1,
            "width": "100%",
          }
        }
      />
    </View>
    <View
      style={
        {
          "alignItems": "center",
          "display": "flex",
          "marginBottom": 10,
          "marginHorizontal": 10,
          "marginTop": 20,
        }
      }
    >
      <View
        style={
          {
            "alignItems": "flex-start",
            "display": "flex",
            "flexDirection": "row",
          }
        }
      >
        <View
          style={
            {
              "alignItems": "flex-start",
              "display": "flex",
              "flexDirection": "column",
              "marginRight": 10,
            }
          }
        >
          <View
            accessibilityState={
              {
                "busy": undefined,
                "checked": undefined,
                "disabled": undefined,
                "expanded": undefined,
                "selected": undefined,
              }
            }
            accessibilityValue={
              {
                "max": undefined,
                "min": undefined,
                "now": undefined,
                "text": undefined,
              }
            }
            accessible={true}
            collapsable={false}
            focusable={true}
            onClick={[Function]}
            onResponderGrant={[Function]}
            onResponderMove={[Function]}
            onResponderRelease={[Function]}
            onResponderTerminate={[Function]}
            onResponderTerminationRequest={[Function]}
            onStartShouldSetResponder={[Function]}
            style={
              {
                "opacity": 1,
              }
            }
          >
            <View
              style={
                {
                  "display": "flex",
                  "flexDirection": "column",
                  "flexWrap": "wrap",
                }
              }
            >
              <Text
                selectable={true}
                style={
                  {
                    "color": "#c3c3c3",
                    "fontSize": 18,
                    "fontWeight": "600",
                    "opacity": 1,
                  }
                }
              >
                UA-1234...4567890
              </Text>
            </View>
          </View>
        </View>
        <View
          accessibilityState={
            {
              "busy": undefined,
              "checked": undefined,
              "disabled": undefined,
              "expanded": undefined,
              "selected": undefined,
            }
          }
          accessibilityValue={
            {
              "max": undefined,
              "min": undefined,
              "now": undefined,
              "text": undefined,
            }
          }
          accessible={true}
          collapsable={false}
          focusable={true}
          onClick={[Function]}
          onResponderGrant={[Function]}
          onResponderMove={[Function]}
          onResponderRelease={[Function]}
          onResponderTerminate={[Function]}
          onResponderTerminationRequest={[Function]}
          onStartShouldSetResponder={[Function]}
          style={
            {
              "opacity": 1,
            }
          }
        >
          <View
            style={
              {
                "alignItems": "center",
                "flexDirection": "row",
                "justifyContent": "center",
                "paddingBottom": 2,
                "paddingHorizontal": 4,
              }
            }
          >
            <
              color="#18bd18"
              icon={
                {
                  "icon": [
                    640,
                    512,
                    [],
                    "f234",
                    "M96 128a128 128 0 1 1 256 0A128 128 0 1 1 96 128zM0 482.3C0 383.8 79.8 304 178.3 304l91.4 0C368.2 304 448 383.8 448 482.3c0 16.4-13.3 29.7-29.7 29.7L29.7 512C13.3 512 0 498.7 0 482.3zM504 312l0-64-64 0c-13.3 0-24-10.7-24-24s10.7-24 24-24l64 0 0-64c0-13.3 10.7-24 24-24s24 10.7 24 24l0 64 64 0c13.3 0 24 10.7 24 24s-10.7 24-24 24l-64 0 0 64c0 13.3-10.7 24-24 24s-24-10.7-24-24z",
                  ],
                  "iconName": "user-plus",
                  "prefix": "fas",
                }
              }
              size={25}
              style={
                {
                  "marginTop": 3,
                }
              }
            />
          </View>
        </View>
      </View>
    </View>
    <ActivityIndicator
      color="#18bd18"
      size="large"
      style={
        {
          "marginVertical": 20,
        }
      }
    />
    <RCTScrollView
      accessibilityLabel="text translated"
      accessible={true}
      onContentSizeChange={[Function]}
      onLayout={[Function]}
      onScroll={[Function]}
      refreshControl={
        <RefreshControlMock
          onRefresh={[MockFunction]}
          refreshing={false}
          tintColor="#c3c3c3"
          title="text translated"
        />
      }
      scrollEventThrottle={100}
      style={
        {
          "flexGrow": 1,
          "marginTop": 10,
          "opacity": 0,
          "width": "100%",
        }
      }
    >
      <RCTRefreshControl />
      <View>
        <View
          style={
            {
              "alignItems": "center",
              "display": "flex",
              "justifyContent": "flex-start",
              "marginBottom": 10,
              "marginTop": 10,
            }
          }
        >
          <Text
            selectable={true}
            style={
              {
                "color": "#18bd18",
                "opacity": 0.65,
              }
            }
          >
            text translated
          </Text>
        </View>
        <View
          style={
            {
              "marginBottom": 30,
            }
          }
        />
      </View>
    </RCTScrollView>
  </View>
</RCTSafeAreaView>
`;
