// Jest Snapshot v1, https://goo.gl/fbAQLP

exports[`Component PrivKey - test PrivKey Private - snapshot 1`] = `
<RCTSafeAreaView
  style={
    {
      "alignItems": "stretch",
      "backgroundColor": "rgb(242, 242, 242)",
      "display": "flex",
      "height": "100%",
      "justifyContent": "flex-start",
    }
  }
>
  <View>
    <View
      style={
        {
          "alignItems": "center",
          "backgroundColor": "rgb(255, 255, 255)",
          "display": "flex",
          "minHeight": 25,
          "paddingBottom": 0,
          "paddingTop": 10,
          "zIndex": -1,
        }
      }
      testID="header"
    >
      <View
        style={
          {
            "alignItems": "center",
            "display": "flex",
            "flexDirection": "row",
            "flexWrap": "wrap",
            "justifyContent": "center",
            "marginHorizontal": 5,
            "marginTop": 12,
          }
        }
      />
    </View>
    <View
      style={
        {
          "left": 0,
          "padding": 11.5,
          "position": "absolute",
        }
      }
    >
      <View
        style={
          {
            "alignItems": "center",
            "flexDirection": "row",
            "height": 45,
          }
        }
      />
    </View>
    <View
      style={
        {
          "padding": 15,
          "position": "absolute",
          "right": 0,
        }
      }
    >
      <Image
        source={
          {
            "testUri": "../../../assets/img/logobig-zingo.png",
          }
        }
        style={
          {
            "borderRadius": 10,
            "height": 38,
            "resizeMode": "contain",
            "width": 38,
          }
        }
      />
    </View>
  </View>
  <View>
    <View
      style={
        {
          "alignItems": "center",
          "display": "flex",
          "flexDirection": "row",
          "flexWrap": "wrap",
          "justifyContent": "space-between",
          "marginVertical": 5,
          "width": "100%",
        }
      }
    >
      <View
        accessibilityState={
          {
            "busy": undefined,
            "checked": undefined,
            "disabled": undefined,
            "expanded": undefined,
            "selected": undefined,
          }
        }
        accessibilityValue={
          {
            "max": undefined,
            "min": undefined,
            "now": undefined,
            "text": undefined,
          }
        }
        accessible={true}
        collapsable={false}
        focusable={true}
        onClick={[Function]}
        onResponderGrant={[Function]}
        onResponderMove={[Function]}
        onResponderRelease={[Function]}
        onResponderTerminate={[Function]}
        onResponderTerminationRequest={[Function]}
        onStartShouldSetResponder={[Function]}
        style={
          {
            "opacity": 1,
          }
        }
      >
        <
          color="rgb(0, 122, 255)"
          icon={
            {
              "icon": [
                320,
                512,
                [
                  9001,
                ],
                "f053",
                "M9.4 233.4c-12.5 12.5-12.5 32.8 0 45.3l192 192c12.5 12.5 32.8 12.5 45.3 0s12.5-32.8 0-45.3L77.3 256 246.6 86.6c12.5-12.5 12.5-32.8 0-45.3s-32.8-12.5-45.3 0l-192 192z",
              ],
              "iconName": "chevron-left",
              "prefix": "fas",
            }
          }
          size={30}
          style={
            {
              "marginHorizontal": 10,
            }
          }
        />
      </View>
      <Text
        selectable={true}
        style={
          {
            "color": "rgb(28, 28, 30)",
            "fontSize": 18,
            "fontWeight": "600",
            "opacity": 1,
            "paddingHorizontal": 5,
          }
        }
      >
        text translated text translated
      </Text>
      <View
        style={
          {
            "height": 30,
            "marginHorizontal": 10,
            "width": 30,
          }
        }
      />
    </View>
    <View
      style={
        {
          "backgroundColor": "rgb(0, 122, 255)",
          "height": 1,
          "width": "100%",
        }
      }
    />
  </View>
  <RCTScrollView
    contentContainerStyle={
      {
        "alignItems": "stretch",
        "flexDirection": "column",
        "justifyContent": "flex-start",
      }
    }
    style={
      {
        "maxHeight": "90%",
      }
    }
  >
    <View>
      <View
        style={
          {
            "alignItems": "center",
            "display": "flex",
            "flexDirection": "column",
            "marginBottom": 30,
            "marginTop": 0,
          }
        }
      >
        <View
          style={
            {
              "alignItems": "center",
              "paddingBottom": 0,
              "paddingTop": 10,
            }
          }
        >
          <Text
            selectable={true}
            style={
              {
                "color": "rgb(28, 28, 30)",
                "marginLeft": 10,
                "marginRight": 10,
                "opacity": 0.65,
                "textAlign": "center",
              }
            }
          >
            text translated
          </Text>
          <View
            accessibilityState={
              {
                "busy": undefined,
                "checked": undefined,
                "disabled": undefined,
                "expanded": undefined,
                "selected": undefined,
              }
            }
            accessibilityValue={
              {
                "max": undefined,
                "min": undefined,
                "now": undefined,
                "text": undefined,
              }
            }
            accessible={true}
            collapsable={false}
            focusable={true}
            onClick={[Function]}
            onResponderGrant={[Function]}
            onResponderMove={[Function]}
            onResponderRelease={[Function]}
            onResponderTerminate={[Function]}
            onResponderTerminationRequest={[Function]}
            onStartShouldSetResponder={[Function]}
            style={
              {
                "opacity": 1,
              }
            }
          >
            <Text
              selectable={true}
              style={
                {
                  "color": "rgb(28, 28, 30)",
                  "marginLeft": 10,
                  "marginRight": 10,
                  "opacity": 0.65,
                  "textAlign": "center",
                }
              }
            >
              UA-1234567...1234567890
            </Text>
          </View>
        </View>
        <View
          style={
            {
              "backgroundColor": "rgb(216, 216, 216)",
              "marginBottom": 20,
              "marginTop": 15,
              "padding": 10,
            }
          }
        >
          <mockQRCode />
        </View>
        <View
          accessibilityState={
            {
              "busy": undefined,
              "checked": undefined,
              "disabled": undefined,
              "expanded": undefined,
              "selected": undefined,
            }
          }
          accessibilityValue={
            {
              "max": undefined,
              "min": undefined,
              "now": undefined,
              "text": undefined,
            }
          }
          accessible={true}
          collapsable={false}
          focusable={true}
          onClick={[Function]}
          onResponderGrant={[Function]}
          onResponderMove={[Function]}
          onResponderRelease={[Function]}
          onResponderTerminate={[Function]}
          onResponderTerminationRequest={[Function]}
          onStartShouldSetResponder={[Function]}
          style={
            {
              "opacity": 1,
            }
          }
        >
          <Text
            style={
              {
                "color": "rgb(28, 28, 30)",
                "marginBottom": 5,
                "minHeight": 48,
                "textDecorationLine": "underline",
              }
            }
          >
            text translated
          </Text>
        </View>
        <Text
          selectable={true}
          style={
            {
              "color": "rgb(28, 28, 30)",
              "flexBasis": "100%",
              "fontFamily": "verdana",
              "fontSize": 18,
              "opacity": 0.65,
              "textAlign": "center",
            }
          }
        >
          priv-key-123456
        </Text>
        <Text
          selectable={true}
          style={
            {
              "color": "rgb(28, 28, 30)",
              "flexBasis": "100%",
              "fontFamily": "verdana",
              "fontSize": 18,
              "opacity": 0.65,
              "textAlign": "center",
            }
          }
        >
          78901234567890
        </Text>
      </View>
    </View>
  </RCTScrollView>
</RCTSafeAreaView>
`;

exports[`Component PrivKey - test PrivKey View - snapshot 1`] = `
<RCTSafeAreaView
  style={
    {
      "alignItems": "stretch",
      "backgroundColor": "rgb(242, 242, 242)",
      "display": "flex",
      "height": "100%",
      "justifyContent": "flex-start",
    }
  }
>
  <View>
    <View
      style={
        {
          "alignItems": "center",
          "backgroundColor": "rgb(255, 255, 255)",
          "display": "flex",
          "minHeight": 25,
          "paddingBottom": 0,
          "paddingTop": 10,
          "zIndex": -1,
        }
      }
      testID="header"
    >
      <View
        style={
          {
            "alignItems": "center",
            "display": "flex",
            "flexDirection": "row",
            "flexWrap": "wrap",
            "justifyContent": "center",
            "marginHorizontal": 5,
            "marginTop": 12,
          }
        }
      />
    </View>
    <View
      style={
        {
          "left": 0,
          "padding": 11.5,
          "position": "absolute",
        }
      }
    >
      <View
        style={
          {
            "alignItems": "center",
            "flexDirection": "row",
            "height": 45,
          }
        }
      />
    </View>
    <View
      style={
        {
          "padding": 15,
          "position": "absolute",
          "right": 0,
        }
      }
    >
      <Image
        source={
          {
            "testUri": "../../../assets/img/logobig-zingo.png",
          }
        }
        style={
          {
            "borderRadius": 10,
            "height": 38,
            "resizeMode": "contain",
            "width": 38,
          }
        }
      />
    </View>
  </View>
  <View>
    <View
      style={
        {
          "alignItems": "center",
          "display": "flex",
          "flexDirection": "row",
          "flexWrap": "wrap",
          "justifyContent": "space-between",
          "marginVertical": 5,
          "width": "100%",
        }
      }
    >
      <View
        accessibilityState={
          {
            "busy": undefined,
            "checked": undefined,
            "disabled": undefined,
            "expanded": undefined,
            "selected": undefined,
          }
        }
        accessibilityValue={
          {
            "max": undefined,
            "min": undefined,
            "now": undefined,
            "text": undefined,
          }
        }
        accessible={true}
        collapsable={false}
        focusable={true}
        onClick={[Function]}
        onResponderGrant={[Function]}
        onResponderMove={[Function]}
        onResponderRelease={[Function]}
        onResponderTerminate={[Function]}
        onResponderTerminationRequest={[Function]}
        onStartShouldSetResponder={[Function]}
        style={
          {
            "opacity": 1,
          }
        }
      >
        <
          color="rgb(0, 122, 255)"
          icon={
            {
              "icon": [
                320,
                512,
                [
                  9001,
                ],
                "f053",
                "M9.4 233.4c-12.5 12.5-12.5 32.8 0 45.3l192 192c12.5 12.5 32.8 12.5 45.3 0s12.5-32.8 0-45.3L77.3 256 246.6 86.6c12.5-12.5 12.5-32.8 0-45.3s-32.8-12.5-45.3 0l-192 192z",
              ],
              "iconName": "chevron-left",
              "prefix": "fas",
            }
          }
          size={30}
          style={
            {
              "marginHorizontal": 10,
            }
          }
        />
      </View>
      <Text
        selectable={true}
        style={
          {
            "color": "rgb(28, 28, 30)",
            "fontSize": 18,
            "fontWeight": "600",
            "opacity": 1,
            "paddingHorizontal": 5,
          }
        }
      >
        text translated text translated
      </Text>
      <View
        style={
          {
            "height": 30,
            "marginHorizontal": 10,
            "width": 30,
          }
        }
      />
    </View>
    <View
      style={
        {
          "backgroundColor": "rgb(0, 122, 255)",
          "height": 1,
          "width": "100%",
        }
      }
    />
  </View>
  <RCTScrollView
    contentContainerStyle={
      {
        "alignItems": "stretch",
        "flexDirection": "column",
        "justifyContent": "flex-start",
      }
    }
    style={
      {
        "maxHeight": "90%",
      }
    }
  >
    <View>
      <View
        style={
          {
            "alignItems": "center",
            "display": "flex",
            "flexDirection": "column",
            "marginBottom": 30,
            "marginTop": 0,
          }
        }
      >
        <View
          style={
            {
              "alignItems": "center",
              "paddingBottom": 0,
              "paddingTop": 10,
            }
          }
        >
          <Text
            selectable={true}
            style={
              {
                "color": "rgb(28, 28, 30)",
                "marginLeft": 10,
                "marginRight": 10,
                "opacity": 0.65,
                "textAlign": "center",
              }
            }
          >
            text translated
          </Text>
          <View
            accessibilityState={
              {
                "busy": undefined,
                "checked": undefined,
                "disabled": undefined,
                "expanded": undefined,
                "selected": undefined,
              }
            }
            accessibilityValue={
              {
                "max": undefined,
                "min": undefined,
                "now": undefined,
                "text": undefined,
              }
            }
            accessible={true}
            collapsable={false}
            focusable={true}
            onClick={[Function]}
            onResponderGrant={[Function]}
            onResponderMove={[Function]}
            onResponderRelease={[Function]}
            onResponderTerminate={[Function]}
            onResponderTerminationRequest={[Function]}
            onStartShouldSetResponder={[Function]}
            style={
              {
                "opacity": 1,
              }
            }
          >
            <Text
              selectable={true}
              style={
                {
                  "color": "rgb(28, 28, 30)",
                  "marginLeft": 10,
                  "marginRight": 10,
                  "opacity": 0.65,
                  "textAlign": "center",
                }
              }
            >
              UA-1234567...1234567890
            </Text>
          </View>
        </View>
        <View
          style={
            {
              "backgroundColor": "rgb(216, 216, 216)",
              "marginBottom": 20,
              "marginTop": 15,
              "padding": 10,
            }
          }
        >
          <mockQRCode />
        </View>
        <View
          accessibilityState={
            {
              "busy": undefined,
              "checked": undefined,
              "disabled": undefined,
              "expanded": undefined,
              "selected": undefined,
            }
          }
          accessibilityValue={
            {
              "max": undefined,
              "min": undefined,
              "now": undefined,
              "text": undefined,
            }
          }
          accessible={true}
          collapsable={false}
          focusable={true}
          onClick={[Function]}
          onResponderGrant={[Function]}
          onResponderMove={[Function]}
          onResponderRelease={[Function]}
          onResponderTerminate={[Function]}
          onResponderTerminationRequest={[Function]}
          onStartShouldSetResponder={[Function]}
          style={
            {
              "opacity": 1,
            }
          }
        >
          <Text
            style={
              {
                "color": "rgb(28, 28, 30)",
                "marginBottom": 5,
                "minHeight": 48,
                "textDecorationLine": "underline",
              }
            }
          >
            text translated
          </Text>
        </View>
        <Text
          selectable={true}
          style={
            {
              "color": "rgb(28, 28, 30)",
              "flexBasis": "100%",
              "fontFamily": "verdana",
              "fontSize": 18,
              "opacity": 0.65,
              "textAlign": "center",
            }
          }
        >
          view-key-123456
        </Text>
        <Text
          selectable={true}
          style={
            {
              "color": "rgb(28, 28, 30)",
              "flexBasis": "100%",
              "fontFamily": "verdana",
              "fontSize": 18,
              "opacity": 0.65,
              "textAlign": "center",
            }
          }
        >
          78901234567890
        </Text>
      </View>
    </View>
  </RCTScrollView>
</RCTSafeAreaView>
`;
